// Jest Snapshot v1, https://jestjs.io/docs/snapshot-testing

exports[`CountdownTimer matches snapshot 1`] = `
<div>
  <div
    class=""
  >
    <p>
      01:00
    </p>
  </div>
</div>
`;
