// Jest Snapshot v1, https://jestjs.io/docs/snapshot-testing

exports[`LoadingComponent renders the container and LoadingLogo 1`] = `
<DocumentFragment>
  <div
    class="flex flex-col w-full h-full items-center justify-center"
  >
    <div
      data-testid="loading-logo"
    />
  </div>
</DocumentFragment>
`;
