// Jest Snapshot v1, https://jestjs.io/docs/snapshot-testing

exports[`PlayRematch component matches snapshot 1`] = `
<div>
  <div
    class="w-full flex flex-col gap-4 bg-gray-800 rounded-md p-4"
  >
    <div
      data-testid="mock-countdown"
    >
      <button>
        Finish Countdown
      </button>
    </div>
    <div
      class="w-full text-center text-2xl mb-2"
    >
      Rematch?
    </div>
    <div
      class="w-full flex gap-4"
    >
      <button
        class="relative inline-flex justify-center items-center px-4 py-2 gap-4 text-sm font-medium cursor-pointer disabled:cursor-not-allowed rounded-sm w-full bg-violet-900 text-[var(--color-foreground)] hover:enabled:bg-violet-800 disabled:bg-violet-400 disabled:text-violet-50 transition-all duration-500 visible"
      >
        <span
          class="flex items-center gap-4 visible"
        >
          No
        </span>
      </button>
      <button
        class="relative inline-flex justify-center items-center px-4 py-2 gap-4 text-sm font-medium cursor-pointer disabled:cursor-not-allowed rounded-sm w-full bg-violet-100 text-violet-800 hover:enabled:bg-violet-200 disabled:bg-white disabled:text-violet-100 transition-all duration-500 visible"
      >
        <span
          class="flex items-center gap-4 visible"
        >
          Yes
        </span>
      </button>
    </div>
  </div>
</div>
`;
