// Jest Snapshot v1, https://jestjs.io/docs/snapshot-testing

exports[`CountupPlayers component applies extra classes passed via className 1`] = `
<DocumentFragment>
  <div
    class="text-4xl font-medium flex items-center justify-center h-24 extra-class"
    data-testid="title"
  >
    3 / 8
  </div>
</DocumentFragment>
`;
